0,0.6494835248204691,0.6496561086947104
1,0.6115410842988748,0.6110329831961254
2,0.575383836747312,0.5749601185218378
3,0.5423954800997061,0.5420675059256668
4,0.513662433620412,0.5134040681213481
5,0.48509760311448563,0.4853769819477379
6,0.46020281094456067,0.46030304755912593
7,0.4364509566256035,0.4367673304743324
8,0.4145965779483852,0.4150252296574453
9,0.39483337575209876,0.39516059981100865
10,0.3757564647885979,0.37630831914427765
11,0.3573838444893528,0.3575326172220495
12,0.3408891592454491,0.3412332330182566
13,0.3262232303009167,0.32676992161093826
14,0.3117592338496097,0.31250362635953527
15,0.2977362578163921,0.2989221911530993
16,0.2849590109795509,0.2855242840086351
17,0.272512780833081,0.2730339433741164
18,0.26085573063424006,0.2613326712462681
19,0.2499289508103866,0.2503617054775855
20,0.2397785662795651,0.2402951797608887
21,0.23002727980030946,0.23005990355402
22,0.22127178502754907,0.22110989629679922
23,0.21289325963785014,0.2126519835542403
24,0.20484031234424488,0.2043405460509103
25,0.1972852390427993,0.1965062257390978
26,0.19016101044983982,0.1896132333575826
27,0.18360723289816447,0.18292154366525273
28,0.1769747200556712,0.17637248815616288
29,0.17100077754838244,0.17062914551826852
30,0.16573870578098746,0.16506507767518677
31,0.1603895453109625,0.15994652779712662
32,0.1551883864913632,0.15500986352106075
33,0.15069512261807927,0.15049363068584168
34,0.14624576678001272,0.14593962273276406
35,0.14204057227436043,0.14163938018687222
36,0.13771876720299214,0.13741548439178083
37,0.1336632393313002,0.13344165962541715
38,0.12982621509587441,0.12972316341658627
39,0.12614931201472437,0.12596090115554207
40,0.1227532223124707,0.12255026601684117
41,0.11954813285505805,0.11933097245873196
42,0.11644833316754029,0.11621817330487283
43,0.1134372626458174,0.11334133002971403
44,0.11058258079104649,0.11063166322534003
45,0.10809797064204721,0.10790447433412065
46,0.10548227388577756,0.10520948974575944
47,0.10324719963585435,0.10285239805834842
48,0.10090752638217683,0.10048744848159316
49,0.09872993639387456,0.09841181145776474
50,0.09657920031738566,0.09650853214553878
51,0.09447250440119861,0.09454847054323884
52,0.09263781685223425,0.0927300151991451
53,0.09081693633611411,0.09114363935501062
54,0.0891020326942592,0.08965429260675344
55,0.08742155853298124,0.08796573521284966
56,0.08592748758698723,0.08650789560763103
57,0.08441576818360946,0.08495067566506724
58,0.08293682920881423,0.08343209222607077
59,0.08160950391558422,0.08212582653475546
60,0.08034862379984511,0.0809214999297697
61,0.07911305174325438,0.07972574432733892
62,0.07797348580939979,0.078711158646296
63,0.07698560011138769,0.07776552587636407
64,0.0759360510564542,0.07677667859920172
65,0.07505154067611625,0.07594163009778113
66,0.074037818444915,0.07498626685726477
67,0.07316144791442877,0.07426744382013156
68,0.07238492640077442,0.07381401366616631
69,0.07154937618235532,0.07304022882312264
70,0.0707528120662316,0.07256165938878678
71,0.06998758006660169,0.0719946335626468
72,0.06914660718686054,0.07131616788611071
73,0.06838109466975531,0.07079402078108518
74,0.06754355554697777,0.07032082146105785
75,0.0668009287129783,0.06974637107242805
76,0.06608729338519198,0.06923861455541154
77,0.06536964887655082,0.0688265256603812
78,0.06465919813755222,0.06845498205078109
79,0.06411184329814473,0.06798034355819077
80,0.06350688684200227,0.06749677029685149
81,0.06291624062830378,0.06714575787127257
82,0.06236356170924624,0.0668224806551699
83,0.06182107064611022,0.06636159320770041
84,0.0612621513723176,0.06599202388713826
85,0.06083894068406505,0.06572798249205739
86,0.060343543195827985,0.06537217046026055
87,0.059866225158708326,0.065186643305141
88,0.05936622070416931,0.06513132379953576
89,0.05889646557339967,0.0651452890242136
90,0.05854195371738723,0.06489093528120016
91,0.058135300136235524,0.06481584973702037
92,0.057772350166351495,0.06466705504847296
93,0.057324633772363784,0.06471444942966707
94,0.05697191396379496,0.06466518573325755
95,0.05656502066566882,0.06464563382194047
96,0.05619772870469481,0.06454628672640061
97,0.055843765597303106,0.06444775386943116
98,0.055512741914552084,0.06454567410678885
99,0.055147640498015585,0.06458010590516965
100,0.054838818514352676,0.06471328992665086
101,0.054460024437748514,0.0646523479650616
102,0.05419216453670942,0.06459759341074732
103,0.05384902322426239,0.06451205742403661
104,0.05355521207887409,0.06448436241582853
105,0.053317317335506,0.06442007398487773
106,0.05312801872435485,0.0644289075121153
107,0.05290354386371461,0.06433998253460747
108,0.052634271176769845,0.06438611327572624
109,0.05239909671289602,0.06451620869596371
110,0.052133584513539555,0.06462470999382411
111,0.05191821246992185,0.06470079173782582
112,0.05170269635632692,0.06482361193058156
113,0.05147072426763292,0.06504342335840677
114,0.05131019003638147,0.06500252282390327
115,0.051160050220922515,0.06497103060101893
116,0.05086489898904473,0.06492908369132282
117,0.050507878816222915,0.0647292483451888
118,0.05035488915339317,0.06474783912298734
119,0.05016421882507123,0.06478726847422071
120,0.050023045425799606,0.06473565924528639
121,0.049853964232655076,0.06449482088017686
122,0.049565398737375754,0.06447588382912436
123,0.04925559816469942,0.06447309873537477
124,0.04906459972930412,0.06447117929095551
125,0.048902097431594176,0.0645871270895927
126,0.04866241170660526,0.06453480175722555
127,0.04848049216919959,0.06420052370064618
128,0.04820456520461938,0.0641840600257626
129,0.04806349892323766,0.06427463337105034
130,0.04779703577699836,0.06425482588372336
131,0.04764345183748061,0.06400065533273902
132,0.04743189544400075,0.06425448598565038
133,0.04723410271370281,0.06416073748053572
134,0.04703268251372048,0.06423826254701859
135,0.04680080187688459,0.0644071933199087
136,0.04656204663420153,0.06445163001854594
137,0.04639050968533519,0.06464162060917528
138,0.04620981893231595,0.06478089432886579
139,0.0460239867118411,0.0649815547169619
140,0.0458928946498838,0.06477829701805346
141,0.04571786491288435,0.06497230953979202
142,0.045511102327349146,0.06521575599055444
143,0.04539491171425313,0.06526550908934645
144,0.045226381937766666,0.06542270488927499
145,0.045056014874721974,0.06514788413234784
146,0.04488705812268188,0.06522685782300604
147,0.04477763825838542,0.0651772672564976
148,0.044581583904529015,0.06523640838944139
149,0.04435751001435633,0.06522137787051424
150,0.044205209432330465,0.0652139491001601
151,0.044026411245715574,0.06517999611786034
152,0.04382788471512242,0.06540796779692036
153,0.04370658948138087,0.06539897213945256
154,0.043565062554775456,0.06533843687272103
155,0.04337555104982676,0.06538255253152614
156,0.04322425624592725,0.06515345753520711
157,0.04311571750544887,0.06511603274496322
158,0.04293764222623969,0.06514549058468702
159,0.042839385519597074,0.0651189293483691
160,0.04268629638841561,0.06514963557101575
161,0.042565599412455656,0.0650911383836598
162,0.04247230530759922,0.06508840335330934
163,0.04230318658529383,0.06510382440106208
164,0.042147484320416075,0.06508409354283369
165,0.041985297162997766,0.06520589743501158
166,0.04184560896621507,0.06527367693509645
167,0.04165481683165895,0.06531021674774533
168,0.04147966735794637,0.0653296114577087
169,0.04138919408647044,0.06527260998416065
170,0.04123426514115424,0.06522094260081313
171,0.04104798819090728,0.06528832062424308
172,0.04082335958078026,0.06545138966496479
173,0.04072432508482818,0.06549467293697725
174,0.04059519396247442,0.06562156870645801
175,0.04045732797279203,0.06562281065768745
176,0.0403171088473767,0.06571628488117516
177,0.04018952342005247,0.06569784861964195
178,0.04006029168603065,0.0658502418860109
179,0.03994711523984331,0.06598128101864675
180,0.03981101008311798,0.06608196433971888
181,0.039669670082133,0.06616813251352902
