0,0.6280322443511751,0.6275948625124858
1,0.5719449726740519,0.571313651022083
2,0.523126185629103,0.5223190366864918
3,0.48029378506210113,0.47932428478480815
4,0.4424635863436593,0.4413474090323001
5,0.40809567308425904,0.40731828090197547
6,0.37744141263431974,0.3769782873803746
7,0.3499914994902081,0.3498423624181462
8,0.32532938511504067,0.3255194398814333
9,0.3028321155309677,0.30342808782221553
10,0.28319591996736,0.2837511486635951
11,0.2647259860270553,0.2656555655235778
12,0.2479433869653278,0.24905994971712192
13,0.23325997128420406,0.23441466058561664
14,0.2193141439490848,0.22064092023643905
15,0.20646942895982,0.20770883536386395
16,0.19483936961160767,0.1962314309057837
17,0.18437158434920842,0.18599882046738547
18,0.17508110532826848,0.17665820302601584
19,0.16613199430207412,0.1678853398281895
20,0.15793676206469537,0.15988893705808713
21,0.15024873012304307,0.1520036087778514
22,0.14293087202476132,0.14460304508844535
23,0.13655086227589183,0.13796735586163528
24,0.13047535797291332,0.13190582003481613
25,0.12513395703997876,0.12649376559519243
26,0.1198595819324255,0.12131615276048759
27,0.11515030204256375,0.11670455619127688
28,0.11100918499711487,0.11249570243670318
29,0.10690177537831995,0.10842814321021833
30,0.10320298120958937,0.1048377510792243
31,0.09982203222645654,0.10167529288225784
32,0.09666568708171447,0.09855657685808317
33,0.09383099820133713,0.09576441415263984
34,0.09104566992157036,0.09290147605472934
35,0.08850080083476172,0.09046729170009048
36,0.0861485012455119,0.08818740916704228
37,0.0840273424345586,0.08627112352562522
38,0.08207677374573218,0.08422119113915932
39,0.08026119182051884,0.08265617077132899
40,0.07862113049543566,0.0811058158229687
41,0.07698917612640394,0.0797813777512538
42,0.0754384794673986,0.07822837893983085
43,0.07419592510122391,0.07690795452636992
44,0.07267167925089597,0.07567260713649249
45,0.07126392220622964,0.07455601021944881
46,0.06991755187159611,0.07333857068855189
47,0.06865724055013722,0.07216231071923723
48,0.06755029320737554,0.07136952002977064
49,0.06653018711010615,0.07058323155753984
50,0.06552917141301765,0.06963829573675127
51,0.06459286187568472,0.06900673029487005
52,0.06375441337832147,0.06844549879111989
53,0.0629490815690822,0.0678493554226147
54,0.06222738893040353,0.06721816986739755
55,0.06155616880042685,0.06668571538353216
56,0.06090578768122941,0.06615201555872838
57,0.06030221116170287,0.06583319501969927
58,0.05971362856434037,0.06548922315161831
59,0.0591773343131774,0.06522955140284822
60,0.05870025379769504,0.06495255966970098
61,0.05824945796312143,0.06481266378921395
62,0.05785069339815527,0.06451255854353041
63,0.05741793720972621,0.06432198454902885
64,0.05702103260780374,0.06410348266288787
65,0.05664221170254879,0.06374026861826251
66,0.05621318795500944,0.06367625511472602
67,0.05592479086274074,0.06350729989906598
68,0.05561337517160508,0.06343246285967202
69,0.05535282542980793,0.06321785586492015
70,0.05508651918855806,0.0630293733378995
71,0.05480354892441796,0.06292067687566245
72,0.05458048931167771,0.0627468191965589
73,0.05433068926223657,0.06266426681513022
74,0.05415490215804635,0.06261903487105004
75,0.05394170858266039,0.06255765599867853
76,0.0537557203760888,0.06255555775540764
77,0.05352952848514542,0.06246294762926202
78,0.05331298881598438,0.06260523788943262
79,0.05315538134053349,0.06275141633491212
80,0.0529826703555882,0.06271199205613318
81,0.0527736656351222,0.06283682181723899
82,0.05263062998135057,0.0629867874032459
83,0.0524904002092727,0.06302361441715741
84,0.0523598653010041,0.06315256774048145
85,0.0521801106719714,0.06298315980190043
86,0.05202018478841314,0.0628822518690599
87,0.05190971888280991,0.06297825873149057
88,0.05175802600112123,0.06286093659123625
89,0.0515727230485063,0.06271183283831329
90,0.05143890390871093,0.06259876038105842
91,0.05131166705822882,0.06267448173424121
92,0.05120582956003232,0.0627995490430187
93,0.05108650943494609,0.06269917537982458
94,0.05097048262442049,0.06277519780510438
95,0.05086930913038345,0.06275650167753158
96,0.05075063325570793,0.06266122454351665
97,0.0505985836090727,0.06270214640177571
98,0.05047021223964273,0.06262586687825353
99,0.05032794366841618,0.0625227898542403
100,0.05020188353746198,0.06266808120288446
101,0.05010292534061914,0.06247789593703465
102,0.05000880738311551,0.06252484821771158
103,0.04987603676162609,0.06252161669556494
104,0.04979227167289031,0.06259197097779633
105,0.04967243043259562,0.06249875663370712
106,0.04954822699693291,0.06265691384924539
107,0.04945435325180491,0.06276290097816228
108,0.0493550070014834,0.06268265314677642
109,0.04926330791112397,0.06274638989228781
110,0.04916535330242995,0.06279313172148206
111,0.04909189417189919,0.06284116600798592
112,0.04901598243050587,0.06292250775813428
113,0.0489291074459648,0.06282803506468201
114,0.04882086248058153,0.06280750673700648
115,0.04875151174281361,0.06289032895857852
116,0.04866952058666438,0.06281144007170915
117,0.04855426454249149,0.0626579728893036
118,0.04844694644431325,0.06266100102377509
119,0.04834704171564792,0.06253912244638067
120,0.04827606484191751,0.06262219535905363
121,0.04818723830527678,0.06260855804430321
122,0.04808051786536816,0.06251633226833847
123,0.04800191296052395,0.0624359387051855
124,0.047895728328912,0.0625073104583753
125,0.04780604520866958,0.0626507008465903
126,0.04767776920422653,0.0628630211865534
127,0.04759173322714762,0.06280248528931981
128,0.04750808728120885,0.06292737743376008
129,0.0473910658245958,0.06304528634923653
130,0.04731061006245565,0.06318839923068537
131,0.0472348707072605,0.06313825273548695
132,0.04714459962757408,0.0632041053237796
133,0.04708020700499441,0.06338141213355683
134,0.04699885687507534,0.06349918986017725
135,0.04692516823081274,0.06352220971658715
136,0.04686232777356377,0.06354482002546333
137,0.04680851483706566,0.06340197102745768
138,0.04674945455092368,0.06355778877718649
139,0.04668230732820747,0.06367430537221061
140,0.04657424029077326,0.06383632189868865
141,0.04648391474471686,0.06368287024041731
142,0.04639811528917764,0.06386018419434258
143,0.04631115885612477,0.06402245475613176
144,0.04623456075035372,0.06421705951316778
145,0.0461599186079693,0.06439323831836882
146,0.04608572357358773,0.06450140608495293
147,0.04598309932252677,0.0643914875630991
148,0.04590696590714571,0.06427088154319761
149,0.04580867837532424,0.06419135160472787
150,0.04573865958142172,0.06436436728555979
151,0.04567325836357971,0.06460822747511177
152,0.04559046842451466,0.0645534811663895
153,0.04552867303442003,0.06451812356200623
154,0.04544367560891745,0.06445863629698738
155,0.04537932460846301,0.0646255459783305
156,0.04531458413056356,0.06455929911974957
157,0.04527287863203997,0.06461647504743351
158,0.04521860846598348,0.06457700726261062
159,0.04515302085483887,0.0646008265798074
160,0.04508881971110693,0.06485338705519127
161,0.04502579667058954,0.06478831471212834
162,0.04496492620585357,0.06481467362898988
163,0.04490185233381473,0.06475905117745179
164,0.0448308499964381,0.06488662749649018
165,0.04478241283461425,0.06489006168539672
166,0.04473863450123463,0.06479719900899053
167,0.04466275823054214,0.06473550458737053
168,0.04460992083179816,0.0648097906581418
169,0.04456321299219659,0.06484201149576987
170,0.04450404103070549,0.06491771040385787
171,0.04443017010902986,0.06506359596262005
172,0.04438056432746169,0.06517855540593434
173,0.04432193677399644,0.0653027696843457
