0,0.13107081107973462,0.1310708110797346
1,0.12183739766264308,0.12183739766264304
2,0.11507290134778816,0.11507290134778815
3,0.10973587196790752,0.10973587196790759
4,0.10534462121480054,0.10534462121480047
5,0.10163187472027116,0.10163187472027109
6,0.09843222621898363,0.09843222621898366
7,0.09563544959362105,0.09563544959362107
8,0.09316402228016495,0.09316402228016488
9,0.09096113112875846,0.0909611311287585
10,0.08898376388335669,0.08898376388335665
11,0.08719848751694498,0.08719848751694499
12,0.08557874378308288,0.08557874378308289
13,0.08410304679987991,0.08410304679988
14,0.08275374325860003,0.08275374325860003
15,0.08151613448039782,0.08151613448039786
16,0.07379226386030925,0.07379226386030928
17,0.06748180318463147,0.06748180318463146
18,0.06213511107728754,0.06213511107728749
19,0.05749677912001641,0.05749677912001638
20,0.053405973444983434,0.053405973444983476
21,0.04975395708368222,0.049753957083682215
22,0.04646326407318276,0.04646326407318271
23,0.04347643505245608,0.04347643505245609
24,0.0407494612015679,0.04074946120156788
25,0.03824774219128566,0.03824774219128567
26,0.0359434785487799,0.03594347854877989
27,0.03381392253765809,0.0338139225376581
28,0.03184016796715676,0.03184016796715676
29,0.030006289220976954,0.030006289220976937
30,0.02829871428525001,0.02829871428525003
31,0.026705758537510206,0.02670575853751018
32,0.02521727181471919,0.02521727181471918
33,0.023824367022863096,0.023824367022863117
34,0.022519207888234607,0.02251920788823458
35,0.021294841148580216,0.021294841148580195
36,0.020145062671129876,0.02014506267112988
37,0.019064308303606867,0.019064308303606874
38,0.01804756559990011,0.018047565599900114
39,0.017090299998400914,0.017090299998400924
40,0.016188394309287174,0.01618839430928718
41,0.015338097512321694,0.01533809751232168
42,0.014535981629624058,0.014535981629624073
43,0.013778905031797645,0.013778905031797644
44,0.013063981224327142,0.013063981224327146
45,0.0123885517303113,0.012388551730311299
46,0.011750162846047655,0.011750162846047652
47,0.01114654529421962,0.011146545294219622
48,0.010575596601526266,0.010575596601526259
49,0.010035365426184209,0.010035365426184207
50,0.009524037956330965,0.009524037956330961
51,0.009039925655354013,0.009039925655354008
52,0.00858145460662258,0.008581454606622576
53,0.008147155919297362,0.008147155919297357
54,0.007735657013014564,0.007735657013014566
55,0.007345674045412334,0.0073456740454123405
56,0.006976004899215548,0.006976004899215544
57,0.00662552298294557,0.006625522982945571
58,0.006293171511923425,0.006293171511923421
59,0.0059779584329286905,0.005977958432928689
60,0.0056789517278829265,0.0056789517278829325
61,0.005395275120638209,0.005395275120638209
62,0.005126104308825027,0.005126104308825028
63,0.004870663249843681,0.004870663249843682
64,0.00462822100591122,0.004628221005911217
65,0.004398088760713223,0.004398088760713226
66,0.004179616980889048,0.0041796169808890485
67,0.003972192926783095,0.003972192926783098
68,0.0037752383238795835,0.003775238323879587
69,0.0035882071430326625,0.0035882071430326586
70,0.00341058362743904,0.00341058362743904
71,0.003241880439153909,0.0032418804391539085
72,0.003081636892667811,0.0030816368926678142
73,0.0029294173853132207,0.0029294173853132177
74,0.0027848098895164714,0.002784809889516469
75,0.0026474245542320854,0.002647424554232085
76,0.0025168924119808507,0.0025168924119808507
77,0.0023928641805573176,0.0023928641805573193
78,0.0022750091090689424,0.0022750091090689424
79,0.002163013936362863,0.0021630139363628636
80,0.0020565818859358148,0.002056581885935817
81,0.0019554317477259438,0.0019554317477259425
82,0.0018592970153780248,0.0018592970153780252
83,0.0017679250534624305,0.001767925053462432
84,0.0016810763390634636,0.0016810763390634625
85,0.00159852375410481,0.0015985237541048113
86,0.0015200518909046336,0.0015200518909046351
87,0.0014454564275206455,0.0014454564275206449
88,0.0013745435241469524,0.0013745435241469526
89,0.0013071292701313025,0.001307129270131303
90,0.0012430391406446882,0.0012430391406446893
91,0.001182107501887295,0.0011821075018872951
92,0.0011241771403975233,0.0011241771403975233
93,0.0010690988283032863,0.0010690988283032856
94,0.0010167308786808004,0.0010167308786808002
95,0.0009669387794416878,0.000966938779441688
96,0.0009195947949442242,0.0009195947949442243
97,0.000874577633531109,0.0008745776335311084
98,0.0008317720961611485,0.0008317720961611479
99,0.0007910687682963317,0.0007910687682963311
100,0.0007523637249787618,0.0007523637249787615
101,0.0007155582430716176,0.0007155582430716182
102,0.0006805585379654658,0.0006805585379654657
103,0.0006472755075568719,0.000647275507556872
104,0.0006156244948445278,0.0006156244948445284
105,0.0005855250632748613,0.0005855250632748612
106,0.0005569007776716691,0.0005569007776716686
107,0.000529679007560437,0.0005296790075604368
108,0.0005037907301823929,0.0005037907301823927
109,0.0004791703457426897,0.0004791703457426894
110,0.0004557555105851577,0.0004557555105851577
111,0.00043348697109837106,0.00043348697109837133
112,0.00041230840525608445,0.0004123084052560844
113,0.00039216627936217396,0.0003921662793621736
114,0.0003730097053662926,0.0003730097053662926
115,0.00035479031118018374,0.00035479031118018336
116,0.0003374621119905381,0.0003374621119905382
117,0.00032098139228427193,0.0003209813922842716
118,0.00030530659432960884,0.00030530659432960884
119,0.0002903982069905139,0.00029039820699051396
120,0.00027621866682409795,0.0002762186668240981
121,0.00026273226003068216,0.00026273226003068216
122,0.00024990502929381024,0.0002499050292938103
123,0.00023770468983514909,0.00023770468983514909
124,0.0002261005436145437,0.0002261005436145439
125,0.000215063401112258,0.00021506340111225803
126,0.00020456550863951487,0.00020456550863951487
127,0.0001945804746029064,0.0001945804746029064
128,0.00018508320366306756,0.00018508320366306737
129,0.00017604983144946823,0.00017604983144946818
130,0.00016745766655957574,0.00016745766655957577
131,0.00015928512895076896,0.00015928512895076896
132,0.00015151169776672822,0.00015151169776672838
133,0.00014411785810664805,0.000144117858106648
134,0.0001370850519688312,0.00013708505196883134
135,0.00013039562969861633,0.00013039562969861625
136,0.00012403280743088693,0.00012403280743088706
137,0.00011798062308523469,0.00011798062308523481
138,0.00011222389604948803,0.00011222389604948808
139,0.00010674818948069428,0.00010674818948069418
140,0.00010153977254275425,0.00010153977254275417
141,9.658558705970275e-05,9.658558705970271e-05
142,9.187321364451516e-05,9.187321364451505e-05
143,8.739084058028088e-05,8.739084058028089e-05
144,8.31272336671735e-05,8.312723366717355e-05
145,7.907170889072679e-05,7.907170889072679e-05
146,7.521410381947418e-05,7.521410381947425e-05
147,7.154475404312043e-05,7.154475404312048e-05
148,6.805446672814235e-05,6.805446672814231e-05
149,6.47344985910148e-05,6.473449859101484e-05
150,6.157653418084395e-05,6.157653418084391e-05
151,5.857266409073019e-05,5.8572664090730196e-05
152,5.571536553308787e-05,5.5715365533087886e-05
153,5.2997483504990325e-05,5.299748350499035e-05
154,5.0412212377343845e-05,5.0412212377343804e-05
155,4.795307898259901e-05,4.7953078982599025e-05
156,4.561392667787917e-05,4.561392667787921e-05
157,4.338889928365746e-05,4.338889928365745e-05
158,4.12724267973341e-05,4.1272426797334115e-05
159,3.925921126749764e-05,3.9259211267497676e-05
160,3.734421330666719e-05,3.734421330666717e-05
161,3.552263977495516e-05,3.552263977495519e-05
162,3.378993162245759e-05,3.37899316224576e-05
163,3.214175231287397e-05,3.214175231287395e-05
164,3.057397708874165e-05,3.0573977088741636e-05
165,2.9082682502022827e-05,2.9082682502022854e-05
166,2.7664136714373724e-05,2.7664136714373717e-05
167,2.6314790095746758e-05,2.6314790095746744e-05
168,2.503126623182841e-05,2.5031266231828427e-05
169,2.381035356046918e-05,2.3810353560469182e-05
170,2.264899724984131e-05,2.2648997249841287e-05
171,2.1544291622219434e-05,2.1544291622219417e-05
172,2.0493472660562096e-05,2.04934726605621e-05
173,1.9493911513211588e-05,1.9493911513211598e-05
174,1.8543107387056887e-05,1.8543107387056904e-05
175,1.763868166313475e-05,1.763868166313475e-05
176,1.6778371723726877e-05,1.6778371723726877e-05
177,1.596002544976571e-05,1.5960025449765697e-05
178,1.5181595646460807e-05,1.518159564646082e-05
179,1.444113511164402e-05,1.4441135111644028e-05
180,1.3736791594412088e-05,1.3736791594412078e-05
181,1.306680319960633e-05,1.3066803199606326e-05
182,1.2429494077793527e-05,1.242949407779352e-05
183,1.1823270087043244e-05,1.1823270087043252e-05
184,1.1246614854228719e-05,1.124661485422873e-05
185,1.0698086048714542e-05,1.069808604871453e-05
186,1.0176311683266868e-05,1.017631168326687e-05
187,9.679986704091278e-06,9.679986704091283e-06
188,9.20786973260865e-06,9.20786973260865e-06
189,8.758779927023777e-06,8.75877992702378e-06
190,8.331594074962536e-06,8.331594074962531e-06
191,7.925243765684499e-06,7.925243765684504e-06
192,7.538712702422955e-06,7.538712702422954e-06
193,7.1710341416442665e-06,7.171034141644271e-06
194,7.055395063093267e-06,7.055395063093265e-06
195,6.939614716070181e-06,6.939614716070174e-06
196,6.939614716070181e-06,6.939614716070174e-06
197,6.939614716070181e-06,6.939614716070174e-06
198,6.939614716070181e-06,6.939614716070174e-06
199,6.939614716070181e-06,6.939614716070174e-06
200,6.939614716070181e-06,6.939614716070174e-06
201,6.939614716070181e-06,6.939614716070174e-06
202,6.939614716070181e-06,6.939614716070174e-06
203,6.939614716070181e-06,6.939614716070174e-06
204,6.939614716070181e-06,6.939614716070174e-06
205,6.939614716070181e-06,6.939614716070174e-06
206,6.939614716070181e-06,6.939614716070174e-06
207,6.939614716070181e-06,6.939614716070174e-06
208,6.939614716070181e-06,6.939614716070174e-06
209,6.939614716070181e-06,6.939614716070174e-06
210,6.939614716070181e-06,6.939614716070174e-06
211,6.939614716070181e-06,6.939614716070174e-06
212,6.939614716070181e-06,6.939614716070174e-06
213,6.939614716070181e-06,6.939614716070174e-06
214,6.939614716070181e-06,6.939614716070174e-06
215,6.939614716070181e-06,6.939614716070174e-06
216,6.939614716070181e-06,6.939614716070174e-06
217,6.939614716070181e-06,6.939614716070174e-06
218,6.939614716070181e-06,6.939614716070174e-06
219,6.939614716070181e-06,6.939614716070174e-06
220,6.939614716070181e-06,6.939614716070174e-06
221,6.939614716070181e-06,6.939614716070174e-06
222,6.939614716070181e-06,6.939614716070174e-06
223,6.939614716070181e-06,6.939614716070174e-06
224,6.939614716070181e-06,6.939614716070174e-06
225,6.939614716070181e-06,6.939614716070174e-06
226,6.939614716070181e-06,6.939614716070174e-06
227,6.939614716070181e-06,6.939614716070174e-06
228,6.939614716070181e-06,6.939614716070174e-06
229,6.939614716070181e-06,6.939614716070174e-06
230,6.939614716070181e-06,6.939614716070174e-06
231,6.939614716070181e-06,6.939614716070174e-06
232,6.939614716070181e-06,6.939614716070174e-06
233,6.939614716070181e-06,6.939614716070174e-06
234,6.939614716070181e-06,6.939614716070174e-06
235,6.939614716070181e-06,6.939614716070174e-06
236,6.939614716070181e-06,6.939614716070174e-06
237,6.939614716070181e-06,6.939614716070174e-06
238,6.939614716070181e-06,6.939614716070174e-06
239,6.939614716070181e-06,6.939614716070174e-06
240,6.939614716070181e-06,6.939614716070174e-06
241,6.939614716070181e-06,6.939614716070174e-06
242,6.939614716070181e-06,6.939614716070174e-06
243,6.939614716070181e-06,6.939614716070174e-06
244,6.939614716070181e-06,6.939614716070174e-06
245,6.939614716070181e-06,6.939614716070174e-06
