0,0.0981791283114485,0.09817912831144841
1,0.08614586080829556,0.08614586080829553
2,0.07745317858655744,0.07745317858655751
3,0.07055634187142909,0.07055634187142909
4,0.06481307157923759,0.06481307157923756
5,0.05988609880074308,0.059886098800743026
6,0.055573655683121954,0.05557365568312196
7,0.05259000366950904,0.05259000366950908
8,0.049911051101777786,0.0499110511017778
9,0.04664916475410064,0.046649164754100615
10,0.044426345080243686,0.04442634508024369
11,0.041655593955137134,0.041655593955137155
12,0.03911433241646394,0.03911433241646392
13,0.03737267454460212,0.037372674544602164
14,0.035164113329016686,0.03516411332901672
15,0.03311813224218317,0.03311813224218317
16,0.03172140671135787,0.031721406711357855
17,0.02991740411967113,0.02991740411967112
18,0.028235412564142928,0.028235412564142925
19,0.027098387885341187,0.0270983878853412
20,0.025600581618365276,0.025600581618365266
21,0.024197906189924578,0.02419790618992457
22,0.02288262212458535,0.02288262212458534
23,0.02200148557598858,0.022001485575988564
24,0.020819766888626516,0.020819766888626492
25,0.01970853470568471,0.019708534705684722
26,0.018662684841304258,0.018662684841304265
27,0.017971702209069674,0.017971702209069667
28,0.017026249258003032,0.01702624925800304
29,0.01613471224144327,0.016134712241443253
30,0.015293509314203414,0.015293509314203415
31,0.014499361113034778,0.014499361113034764
32,0.013749256925605288,0.01374925692560528
33,0.013040425477966982,0.013040425477966992
34,0.012576742147421624,0.01257674214742162
35,0.011931737029087149,0.011931737029087144
36,0.011321575133024456,0.011321575133024446
37,0.010744175297229049,0.010744175297229047
38,0.010197603939543706,0.01019760393954371
39,0.009680061903036646,0.009680061903036654
40,0.009189872645943866,0.00918987264594387
41,0.008725471855535656,0.008725471855535655
42,0.008285398032139367,0.008285398032139376
43,0.00786828432049718,0.007868284320497175
44,0.007598724590479936,0.007598724590479933
45,0.007217232289258581,0.007217232289258589
46,0.0068554568621334334,0.0068554568621334395
47,0.006512319801458791,0.006512319801458794
48,0.006186808015427917,0.006186808015427914
49,0.005877969200544394,0.0058779692005443895
50,0.005584907522464054,0.0055849075224640495
51,0.005306779745088306,0.0053067797450883055
52,0.0050427916378872105,0.005042791637887208
53,0.004792194710268497,0.004792194710268497
54,0.0045542831916187965,0.004554283191618797
55,0.004328391291653377,0.004328391291653378
56,0.004113890630474694,0.004113890630474697
57,0.003910187827140945,0.003910187827140948
58,0.003716722392449826,0.003716722392449829
59,0.0035329646579754467,0.003532964657975444
60,0.0033584139170931694,0.0033584139170931703
61,0.003192596664613891,0.003192596664613893
62,0.0030350649974532403,0.003035064997453238
63,0.002885395078956749,0.0028853950789567485
64,0.002743185762188529,0.0027431857621885284
65,0.0026524642546705414,0.002652464254670542
66,0.0025218450760535705,0.0025218450760535727
67,0.0023977187304538667,0.0023977187304538685
68,0.0022797564826020616,0.002279756482602062
69,0.002167646868907545,0.002167646868907543
70,0.002061094674121552,0.0020610946741215505
71,0.001959820065277839,0.001959820065277838
72,0.001863557726991657,0.0018635577269916586
73,0.001772056068041594,0.001772056068041593
74,0.0016850764785747059,0.001685076478574705
75,0.0016023926174594677,0.0016023926174594681
76,0.0015237897502314618,0.0015237897502314614
77,0.0014490641313663851,0.001449064131366386
78,0.0013780224228014505,0.0013780224228014508
79,0.0013104811192981467,0.0013104811192981474
80,0.001246266051369038,0.001246266051369038
81,0.001185211873691164,0.0011852118736911635
82,0.0011271616143314746,0.0011271616143314742
83,0.0010719662307097986,0.0010719662307097993
84,0.0010194841932116257,0.0010194841932116257
85,0.0009695811053388629,0.0009695811053388636
86,0.0009221293184923699,0.0009221293184923704
87,0.0008770075957449812,0.0008770075957449813
88,0.0008341007733384176,0.0008341007733384174
89,0.0007932994545591967,0.0007932994545591974
90,0.0007544997102683375,0.0007544997102683378
91,0.0007176027986378104,0.0007176027986378109
92,0.0006825149059158762,0.0006825149059158763
93,0.0006491468876659814,0.0006491468876659808
94,0.0006174140358300189,0.0006174140358300189
95,0.0005872358549687083,0.0005872358549687078
96,0.0005585358481301307,0.0005585358481301304
97,0.0005312413131970895,0.0005312413131970888
98,0.0005052831541048964,0.0005052831541048962
99,0.00048059569277086384,0.0004805956927708634
100,0.00045711650790515167,0.00045711650790515183
101,0.0004347862639199547,0.0004347862639199549
102,0.00041354855672947564,0.00041354855672947607
103,0.0003933497709389849,0.00039334977093898445
104,0.000374138936734696,0.00037413893673469615
105,0.0003558675979062888,0.00035586759790628855
106,0.00033848968948032123,0.0003384896894803212
107,0.0003219614150230633,0.0003219614150230631
108,0.00030624113721213376,0.00030624113721213365
109,0.0002912892674189637,0.00029128926741896373
110,0.00027706816541895886,0.00027706816541895886
111,0.0002635420426413361,0.0002635420426413363
112,0.00025067686978241907,0.0002506768697824193
113,0.00023844029125723442,0.00023844029125723426
114,0.00022680153923588473,0.00022680153923588497
115,0.00021573135783258644,0.0002157313578325864
116,0.00020520192818727925,0.00020520192818727917
117,0.00019518679634535554,0.0001951867963453555
118,0.00018566080512487384,0.0001856608051248737
119,0.00017660003336206,0.00017660003336206
120,0.00016798173145959202,0.00016798173145959216
121,0.0001597842651493933,0.00015978426514939322
122,0.00015198706080694094,0.0001519870608069409
123,0.00014457055343283803,0.00014457055343283814
124,0.00013751613589979214,0.0001375161358997922
125,0.0001308061115551098,0.00013080611155510973
126,0.0001244236518518284,0.00012442365185182843
127,0.00011835275147051901,0.00011835275147051909
128,0.00011257818855631826,0.00011257818855631817
129,0.00010708548581790906,0.00010708548581790901
130,0.00010186087485120934,0.00010186087485120934
131,9.689126081309355e-05,9.689126081309353e-05
132,9.216418912727484e-05,9.216418912727487e-05
133,8.766781469526511e-05,8.76678146952651e-05
134,8.339087130398458e-05,8.339087130398462e-05
135,7.932264390628133e-05,7.932264390628133e-05
136,7.545294137188732e-05,7.545294137188737e-05
137,7.177207033303607e-05,7.177207033303611e-05
138,6.827081138127354e-05,6.827081138127351e-05
139,6.49403961495188e-05,6.49403961495188e-05
140,6.177248406913438e-05,6.177248406913438e-05
141,5.8759142572000244e-05,5.875914257200027e-05
142,5.5892826583279924e-05,5.589282658327991e-05
143,5.316635934609365e-05,5.316635934609362e-05
144,5.057291514048632e-05,5.057291514048635e-05
145,4.8106001343705275e-05,4.810600134370524e-05
146,4.575944258344765e-05,4.575944258344767e-05
147,4.3527365159772745e-05,4.352736515977276e-05
148,4.140418197019856e-05,4.140418197019854e-05
149,3.938457873935286e-05,3.938457873935287e-05
150,3.746350117953551e-05,3.746350117953547e-05
151,3.563614126120504e-05,3.563614126120505e-05
152,3.389792591995893e-05,3.389792591995893e-05
153,3.224450534021024e-05,3.224450534021025e-05
154,3.0671741942381425e-05,3.06717419423814e-05
155,2.9175700304660335e-05,2.917570030466032e-05
156,2.7752637026154792e-05,2.7752637026154813e-05
157,2.6398991398414308e-05,2.6398991398414284e-05
158,2.5111376568132597e-05,2.5111376568132597e-05
159,2.3886570932459514e-05,2.3886570932459517e-05
160,2.2721510125393246e-05,2.2721510125393226e-05
161,2.161327942536694e-05,2.1613279425366944e-05
162,2.0559106347432228e-05,2.055910634743223e-05
163,1.955635359820844e-05,1.9556353598208443e-05
164,1.8602512676245684e-05,1.8602512676245677e-05
165,1.7695197470158517e-05,1.769519747015853e-05
166,1.7127945898109792e-05,1.7127945898109778e-05
167,1.6292555070800314e-05,1.6292555070800324e-05
168,1.5784999921048105e-05,1.5784999921048112e-05
169,1.5015112862214665e-05,1.5015112862214657e-05
170,1.4561067878600163e-05,1.4561067878600156e-05
171,1.413414017168893e-05,1.413414017168892e-05
172,1.3444774835221282e-05,1.3444774835221284e-05
173,1.3062977068781336e-05,1.3062977068781332e-05
174,1.2704067915234946e-05,1.2704067915234957e-05
175,1.2084454498065017e-05,1.208445449806502e-05
176,1.1763537789398248e-05,1.1763537789398247e-05
177,1.118979852279685e-05,1.1189798522796847e-05
178,1.0902859923357609e-05,1.0902859923357615e-05
179,1.0633144446499104e-05,1.0633144446499105e-05
180,1.0114539378226289e-05,1.0114539378226289e-05
181,9.873367379781615e-06,9.873367379781614e-06
182,9.64664331892211e-06,9.646643318922107e-06
183,9.433478231771528e-06,9.433478231771535e-06
184,8.973385584965707e-06,8.973385584965716e-06
185,8.782716901153342e-06,8.782716901153333e-06
186,8.603396407038913e-06,8.603396407038913e-06
187,8.183789898263066e-06,8.18378989826307e-06
188,8.023337100054655e-06,8.023337100054657e-06
189,7.872373765007038e-06,7.872373765007043e-06
190,7.730306112654556e-06,7.73030611265455e-06
191,7.353283105071893e-06,7.353283105071901e-06
192,7.2260763083784604e-06,7.226076308378459e-06
193,7.106304914802355e-06,7.1063049148023595e-06
194,7.106304914802355e-06,7.1063049148023595e-06
195,7.106304914802355e-06,7.1063049148023595e-06
196,7.106304914802355e-06,7.1063049148023595e-06
197,7.106304914802355e-06,7.1063049148023595e-06
198,7.106304914802355e-06,7.1063049148023595e-06
199,7.106304914802355e-06,7.1063049148023595e-06
200,7.106304914802355e-06,7.1063049148023595e-06
201,7.106304914802355e-06,7.1063049148023595e-06
202,7.106304914802355e-06,7.1063049148023595e-06
203,7.106304914802355e-06,7.1063049148023595e-06
204,7.106304914802355e-06,7.1063049148023595e-06
205,7.106304914802355e-06,7.1063049148023595e-06
206,7.106304914802355e-06,7.1063049148023595e-06
207,7.106304914802355e-06,7.1063049148023595e-06
208,7.106304914802355e-06,7.1063049148023595e-06
209,7.106304914802355e-06,7.1063049148023595e-06
210,7.106304914802355e-06,7.1063049148023595e-06
211,7.106304914802355e-06,7.1063049148023595e-06
212,7.106304914802355e-06,7.1063049148023595e-06
213,7.106304914802355e-06,7.1063049148023595e-06
214,7.106304914802355e-06,7.1063049148023595e-06
215,7.106304914802355e-06,7.1063049148023595e-06
216,7.106304914802355e-06,7.1063049148023595e-06
217,7.106304914802355e-06,7.1063049148023595e-06
218,7.106304914802355e-06,7.1063049148023595e-06
219,7.106304914802355e-06,7.1063049148023595e-06
220,7.106304914802355e-06,7.1063049148023595e-06
221,7.106304914802355e-06,7.1063049148023595e-06
222,7.106304914802355e-06,7.1063049148023595e-06
223,7.106304914802355e-06,7.1063049148023595e-06
224,7.106304914802355e-06,7.1063049148023595e-06
225,7.106304914802355e-06,7.1063049148023595e-06
226,7.106304914802355e-06,7.1063049148023595e-06
227,7.106304914802355e-06,7.1063049148023595e-06
228,7.106304914802355e-06,7.1063049148023595e-06
229,7.106304914802355e-06,7.1063049148023595e-06
230,7.106304914802355e-06,7.1063049148023595e-06
231,7.106304914802355e-06,7.1063049148023595e-06
232,7.106304914802355e-06,7.1063049148023595e-06
233,7.106304914802355e-06,7.1063049148023595e-06
234,7.106304914802355e-06,7.1063049148023595e-06
235,7.106304914802355e-06,7.1063049148023595e-06
236,7.106304914802355e-06,7.1063049148023595e-06
237,7.106304914802355e-06,7.1063049148023595e-06
238,7.106304914802355e-06,7.1063049148023595e-06
239,7.106304914802355e-06,7.1063049148023595e-06
240,7.106304914802355e-06,7.1063049148023595e-06
241,7.106304914802355e-06,7.1063049148023595e-06
242,7.106304914802355e-06,7.1063049148023595e-06
243,7.106304914802355e-06,7.1063049148023595e-06
