0,0.6513406575520834,0.6508331551700036
1,0.6124484592013889,0.6116661180009887
2,0.5777332899305555,0.5765954605349293
3,0.5457573784722223,0.5442104366706192
4,0.5181953125,0.5163890760701427
5,0.4905316840277778,0.48836246996312704
6,0.4671907552083333,0.46466106440389127
7,0.4454953884548611,0.44278196558523497
8,0.42329947916666666,0.4203242395126266
9,0.4031070963541667,0.3998455733203354
10,0.38390961371527776,0.38048581833181055
11,0.3695297309027778,0.36560087483415377
12,0.3534690212673611,0.349564017633784
13,0.3393707682291667,0.33531420894272596
14,0.3244794921875,0.3204501960196284
15,0.31109860568576386,0.3070505689767641
16,0.2991642795138889,0.29492462902541433
17,0.28740220811631945,0.2829833440865355
18,0.2760725911458333,0.2716900853335851
19,0.2656770290798611,0.26134914726863684
20,0.2283926052517361,0.22371844389106318
21,0.19673916286892362,0.19201254172055934
22,0.1753561469184028,0.17074081210858405
23,0.15820792643229167,0.15382581337993995
24,0.15096280924479166,0.14700052324682247
25,0.13649241807725696,0.13295023081902593
26,0.12378366427951389,0.12052491017162661
27,0.11538118489583334,0.11243846034714348
28,0.10772866482204861,0.10545047400936802
29,0.10064558919270833,0.09882385465189417
30,0.09502010091145834,0.09407776366812767
31,0.09091773139105903,0.090444857688354
32,0.08682746039496528,0.08726523492070552
33,0.0830341050889757,0.08400655385914364
34,0.08016610378689236,0.0816966102555525
35,0.07755092366536458,0.07963377217022519
36,0.07492998589409722,0.07767240692787213
37,0.07289968532986112,0.07639999057000786
38,0.07093920220269097,0.07487728449585208
39,0.06915443929036458,0.07349487353982691
40,0.06793086751302084,0.07253209097921993
41,0.06666932508680555,0.07168229721796074
42,0.06538596598307292,0.07075339524080643
43,0.06434494357638888,0.0699512401680856
44,0.063308837890625,0.06923535492974069
45,0.06249167209201389,0.06863634822262263
46,0.061613688151041665,0.0682127977038661
47,0.0610935804578993,0.06789638881421767
48,0.06057461208767361,0.06771179313477585
49,0.05994734700520833,0.06712810646997872
50,0.05927733696831597,0.06682313011484609
51,0.05854018825954861,0.06673129768414522
52,0.057874043782552086,0.06643611635714418
53,0.057510009765625,0.06608394724229999
54,0.05676698133680556,0.0663737465398389
55,0.05621826171875,0.06621288804132733
56,0.05580884806315104,0.06630679146622688
57,0.05555563015407986,0.06601940923494184
58,0.055013292100694444,0.06613712378465976
59,0.054439982096354166,0.06605818824717814
60,0.05399923366970486,0.06598556150224907
61,0.05358264838324653,0.06591528985094315
62,0.05342848036024306,0.06572291027319664
63,0.05274959988064236,0.06576773542604247
64,0.052455769856770834,0.06560474368124271
65,0.05219863552517361,0.06562740079065127
66,0.05200229220920139,0.06580761827805441
67,0.05184425184461806,0.06573707677992566
68,0.05153172810872396,0.06581483541819813
69,0.05124529012044271,0.06565549394050856
70,0.050971503363715275,0.06575427431743185
71,0.05096271430121528,0.06576854265286787
72,0.05065787082248264,0.06576337049889722
73,0.05048653835720486,0.06573390134033195
74,0.05011564805772569,0.06576614043111402
75,0.049824083116319445,0.06584715130535028
76,0.04977388509114583,0.06581459193887487
77,0.04957301161024306,0.0659576102567435
78,0.04918296305338542,0.06603860950421196
79,0.048900716145833335,0.06592548002398567
80,0.04875214301215278,0.0660087770674148
81,0.04844670613606771,0.06593599861049816
82,0.048160973442925345,0.06602759649837639
83,0.04779052056206597,0.06608826257001808
84,0.04770890299479167,0.06605924619205096
85,0.0476519775390625,0.06605248638974809
86,0.04738820393880208,0.06612163209355892
87,0.047122389051649304,0.06615367629275201
88,0.046958685980902776,0.06617356957878293
89,0.04660504828559028,0.06660120613527948
90,0.04645858086480035,0.06660317556050876
91,0.04635283067491319,0.0666457128973184
92,0.04614809841579861,0.06683682666305603
93,0.045893330891927084,0.0668920078823013
94,0.04572345309787326,0.06680116177667861
95,0.045378868950737845,0.06674557897448377
96,0.045176167805989584,0.06688796699104053
97,0.04494786919487847,0.06698778609108746
98,0.044629286024305555,0.06700924472232304
99,0.04428224351671007,0.06709457599383853
100,0.044073784722222224,0.06708240648251335
101,0.04359454345703125,0.06703466704935196
102,0.04325133938259548,0.06715165057534914
103,0.043236419677734374,0.06713587564186803
104,0.04301330905490451,0.06726794101595049
105,0.04282626681857639,0.06737050257025191
106,0.04253768581814236,0.06750042974378688
107,0.04250590684678819,0.06746837139496771
108,0.042413258870442706,0.06732967704780983
109,0.04236701795789931,0.06741042943446421
110,0.04219306098090278,0.06741127698407058
111,0.04193236965603299,0.06763838737236959
112,0.04183464898003472,0.06767078867919857
113,0.041652886284722225,0.06751885226656054
114,0.04148233032226562,0.06751895513750443
